
1. Created a new Folder "SelfFinance" in local system.
2. Created new py in that folder.
3. git bash
4. cd /e/Programming/projects/python/SelfFinance/
5. git init
6. git status
7. git add .
8. git config user.email "85621913+investontop@users.noreply.github.com"
9. git config user.name "investonto"
10. git commit -m "INitial commit"

	step 5 to 10:
	************
	
	Dell@DESKTOP-J3G05AF MINGW64 /e/Programming/projects/python/SelfFinance
	$ git init
	Initialized empty Git repository in E:/Programming/projects/python/SelfFinance/.git/
	
	
	Dell@DESKTOP-J3G05AF MINGW64 /e/Programming/projects/python/SelfFinance (master)
	$ git status
	On branch master
	
	No commits yet
	
	Untracked files:
	(use "git add <file>..." to include in what will be committed)
			.idea/
			SourcePath/
			config-test.ini
			selfFinance.py
			utility/
	
	nothing added to commit but untracked files present (use "git add" to track)
	
	Dell@DESKTOP-J3G05AF MINGW64 /e/Programming/projects/python/SelfFinance (master)
	$ git add .
	
	Dell@DESKTOP-J3G05AF MINGW64 /e/Programming/projects/python/SelfFinance (master)
	$ git status
	On branch master
	
	No commits yet
	
	Changes to be committed:
	(use "git rm --cached <file>..." to unstage)
			new file:   .idea/.gitignore
			new file:   .idea/SelfFinance.iml
			new file:   .idea/misc.xml
			new file:   .idea/modules.xml
			new file:   SourcePath/HDFC_BANK_STMT_FY2022 23.xlsx
			new file:   config-test.ini
			new file:   selfFinance.py
			new file:   utility/SFUtil.py
			new file:   utility/__pycache__/SFUtil.cpython-39.pyc
	
	Dell@DESKTOP-J3G05AF MINGW64 /e/Programming/projects/python/SelfFinance (master)
	$ git commit -m "Initial Commit"
	Author identity unknown

	*** Please tell me who you are.

	Run

	  git config --global user.email "you@example.com"
	  git config --global user.name "Your Name"

	to set your account's default identity.
	Omit --global to set the identity only in this repository.

	fatal: unable to auto-detect email address (got 'Dell@DESKTOP-J3G05AF.(none)')

	Dell@DESKTOP-J3G05AF MINGW64 /e/Programming/projects/python/SelfFinance (master)
	$ git config user.name "investontop"

	Dell@DESKTOP-J3G05AF MINGW64 /e/Programming/projects/python/SelfFinance (master)
	$ git config user.email "85621913+investontop@users.noreply.github.com"
	
	Dell@DESKTOP-J3G05AF MINGW64 /e/Programming/projects/python/SelfFinance (master)
	$ git commit -m "Initial Commit"
	[master (root-commit) 562fc9f] Initial Commit
	 9 files changed, 46 insertions(+)
	 create mode 100644 .idea/.gitignore
	 create mode 100644 .idea/SelfFinance.iml
	 create mode 100644 .idea/misc.xml
	 create mode 100644 .idea/modules.xml
	 create mode 100644 SourcePath/HDFC_BANK_STMT_FY2022 23.xlsx
	 create mode 100644 config-test.ini
	 create mode 100644 selfFinance.py
	 create mode 100644 utility/SFUtil.py
	 create mode 100644 utility/__pycache__/SFUtil.cpython-39.pyc
	 
	Dell@DESKTOP-J3G05AF MINGW64 /e/Programming/projects/python/SelfFinance (master)
	$ git status
	On branch master
	nothing to commit, working tree clean



11. Created a new repository in gitHub (with same name as selfFinance) Not sure this same name is necessary.
12. get that https: "https://github.com/investontop/selfFinance.git" from gitHub.
13. git remote add origin https://github.com/investontop/selfFinance.git
14. git push -u origin main
14. git remote -v
		This shows the remote link for that project


	Step 13 to 15:
	***************
	
	
	Dell@DESKTOP-J3G05AF MINGW64 /e/Programming/projects/python/SelfFinance (master)
	$ git remote add origin https://github.com/investontop/selfFinance.git

	Dell@DESKTOP-J3G05AF MINGW64 /e/Programming/projects/python/SelfFinance (master)
	$ git push -u origin master
	Enumerating objects: 15, done.
	Counting objects: 100% (15/15), done.
	Delta compression using up to 4 threads
	Compressing objects: 100% (13/13), done.
	Writing objects: 100% (15/15), 46.98 KiB | 1.68 MiB/s, done.
	Total 15 (delta 0), reused 0 (delta 0), pack-reused 0
	To https://github.com/investontop/selfFinance.git
	 * [new branch]      master -> master
	Branch 'master' set up to track remote branch 'master' from 'origin'.


	Dell@DESKTOP-J3G05AF MINGW64 /e/Programming/projects/python/SelfFinance (master)
	$ git remote -v
	origin  https://github.com/investontop/selfFinance.git (fetch)
	origin  https://github.com/investontop/selfFinance.git (push)
